---
source: src/highlighting/highlighter.rs
expression: "cfg.highlight(r#\"cp $'test\\x20\\x201.txt' dest.txt\"#)?"
---
cp $'test\x20\x201.txt' dest.txt

0   2   `cp`         CALLABLE `cp`
2   3   ` `          meta.function-call.arguments
3   5   `$'`         punctuation.definition.string.begin + dynamic.path.file.complete
5   9   `test`       string.quoted.single.ansi-c + dynamic.path.file.complete
9   17  `\x20\x20`   constant.character.escape + dynamic.path.file.complete
17  22  `1.txt`      string.quoted.single.ansi-c + dynamic.path.file.complete
22  23  `'`          punctuation.definition.string.end + dynamic.path.file.complete
23  32  ` dest.txt`  meta.function-call.arguments
