---
source: src/highlighting/highlighter.rs
expression: "cfg.highlight(\"nice --version && nice --help\")?"
---
nice --version && nice --help

0   4   `nice`     CALLABLE `nice`
4   7   ` --`      punctuation.definition.parameter
7   14  `version`  variable.parameter.option
15  17  `&&`       keyword.operator.logical.and
18  22  `nice`     CALLABLE `nice`
22  25  ` --`      punctuation.definition.parameter
25  29  `help`     variable.parameter.option
