---
source: src/highlighting/highlighter.rs
expression: "cfg.highlight(\"env -S -P mydir ls\")?"
---
env -S -P mydir ls

0   3   `env`    CALLABLE `env`
3   5   ` -`     punctuation.definition.parameter
5   6   `S`      variable.parameter.option
6   8   ` -`     punctuation.definition.parameter
8   9   `P`      variable.parameter.option
10  15  `mydir`  meta.function-call.arguments + dynamic.path.directory.complete
16  18  `ls`     CALLABLE `ls`
