---
source: src/highlighting/highlighter.rs
expression: "cfg.highlight(r#\"cp test\\ \\ 1.txt dest.txt\"#)?"
---
cp test\ \ 1.txt dest.txt

0   2   `cp`         CALLABLE `cp`
2   3   ` `          meta.function-call.arguments
3   7   `test`       meta.function-call.arguments + dynamic.path.file.complete
7   11  `\ \ `       constant.character.escape + dynamic.path.file.complete
11  16  `1.txt`      meta.function-call.arguments + dynamic.path.file.complete
16  25  ` dest.txt`  meta.function-call.arguments
