---
source: src/highlighting/highlighter.rs
expression: "cfg.highlight(r#\"cp \"test 1.txt\" dest.txt\"#)?"
---
cp "test 1.txt" dest.txt

0   2   `cp`          CALLABLE `cp`
2   3   ` `           meta.function-call.arguments
3   4   `"`           punctuation.definition.string.begin + dynamic.path.file.complete
4   14  `test 1.txt`  string.quoted.double + dynamic.path.file.complete
14  15  `"`           punctuation.definition.string.end + dynamic.path.file.complete
15  24  ` dest.txt`   meta.function-call.arguments
