---
source: src/highlighting/highlighter.rs
expression: "cfg.highlight(r#\"cp🐑 \"test🐑.txt\" 🐑\"#)?"
---
cp🐑 "test🐑.txt" 🐑

0   3   `cp🐑`        CALLABLE `cp🐑`
3   4   ` `           meta.function-call.arguments
4   5   `"`           punctuation.definition.string.begin + dynamic.path.file.complete
5   14  `test🐑.txt`  string.quoted.double + dynamic.path.file.complete
14  15  `"`           punctuation.definition.string.end + dynamic.path.file.complete
15  16  ` `           meta.function-call.arguments
16  17  `🐑`          meta.function-call.arguments + dynamic.path.file.complete
